[
  {
    "Parameters": {
      "Nested1NestedStackAssetS3Bucket330ED98A": {
        "Type": "String",
        "Description": "S3 bucket for asset \"nested-stacks-refs2-parent-with-producer/Nested1.NestedStack/Asset\""
      },
      "Nested1NestedStackAssetS3VersionKeyE52B2824": {
        "Type": "String",
        "Description": "S3 key for asset version \"nested-stacks-refs2-parent-with-producer/Nested1.NestedStack/Asset\""
      },
      "Nested1NestedStackAssetArtifactHashD180A344": {
        "Type": "String",
        "Description": "Artifact hash for asset \"nested-stacks-refs2-parent-with-producer/Nested1.NestedStack/Asset\""
      }
    },
    "Resources": {
      "Nested1NestedStackNested1NestedStackResourceCD0AD36B": {
        "Type": "AWS::CloudFormation::Stack",
        "Properties": {
          "TemplateURL": {
            "Fn::Join": [
              "",
              [
                "https://s3.",
                {
                  "Ref": "AWS::Region"
                },
                ".",
                {
                  "Ref": "AWS::URLSuffix"
                },
                "/",
                {
                  "Ref": "Nested1NestedStackAssetS3Bucket330ED98A"
                },
                "/",
                {
                  "Fn::Select": [
                    0,
                    {
                      "Fn::Split": [
                        "||",
                        {
                          "Ref": "Nested1NestedStackAssetS3VersionKeyE52B2824"
                        }
                      ]
                    }
                  ]
                },
                {
                  "Fn::Select": [
                    1,
                    {
                      "Fn::Split": [
                        "||",
                        {
                          "Ref": "Nested1NestedStackAssetS3VersionKeyE52B2824"
                        }
                      ]
                    }
                  ]
                }
              ]
            ]
          }
        }
      }
    },
    "Outputs": {
      "ExportsOutputFnGetAttNested1NestedStackNested1NestedStackResourceCD0AD36BOutputsnestedstacksrefs2parentwithproducerNested1MyTopic9E26C363TopicNameF4BCEDAF": {
        "Value": {
          "Fn::GetAtt": [
            "Nested1NestedStackNested1NestedStackResourceCD0AD36B",
            "Outputs.nestedstacksrefs2parentwithproducerNested1MyTopic9E26C363TopicName"
          ]
        },
        "Export": {
          "Name": "nested-stacks-refs2-parent-with-producer:ExportsOutputFnGetAttNested1NestedStackNested1NestedStackResourceCD0AD36BOutputsnestedstacksrefs2parentwithproducerNested1MyTopic9E26C363TopicNameF4BCEDAF"
        }
      }
    }
  },
  {
    "Resources": {
      "ConsumerTopic6F402371": {
        "Type": "AWS::SNS::Topic",
        "Properties": {
          "DisplayName": {
            "Fn::Join": [
              "",
              [
                "Consuming ",
                {
                  "Fn::Select": [
                    2,
                    {
                      "Fn::Split": [
                        "-",
                        {
                          "Fn::ImportValue": "nested-stacks-refs2-parent-with-producer:ExportsOutputFnGetAttNested1NestedStackNested1NestedStackResourceCD0AD36BOutputsnestedstacksrefs2parentwithproducerNested1MyTopic9E26C363TopicNameF4BCEDAF"
                        }
                      ]
                    }
                  ]
                }
              ]
            ]
          }
        }
      }
    }
  }
]